// Jest Snapshot v1, https://goo.gl/fbAQLP

exports[`Alert Dialog Modal renders correctly in closed state 1`] = `
{
  "asFragment": [Function],
  "baseElement": <body>
    <div>
      <div
        class="flex overflow-y-auto bg-neutral-950 bg-opacity-90 overflow-x-hidden fixed top-0 right-0 left-0 z-50 justify-center items-center w-full md:inset-0 h-full "
        tabindex="-1"
      >
        <div
          class="w-fit"
        >
          <div
            class="flex flex-col bg-white rounded-lg border border-black py-4 px-8"
          >
            SOME BODY TEXT
            <div
              class="py-2"
            />
            <div
              class="flex flex-row"
            >
              <button
                class="outline-hidden bg-red-600 hover:bg-red-700 focus-visible:bg-red-700 active:bg-red-800 font-display text-white rounded-md border border-black transition-colors duration-100 py-2 px-4"
                type="button"
              >
                SOME AFFIRMATIVE TEXT
              </button>
              <div
                class="px-1"
              />
              <button
                class="outline-hidden hover:bg-yellow-200 focus-visible:bg-yellow-200 active:bg-yellow-300 font-display border border-black rounded-md transition-colors duration-100 py-2 px-4"
                type="button"
              >
                SOME CANCEL TEXT
              </button>
            </div>
          </div>
        </div>
      </div>
    </div>
  </body>,
  "container": <div>
    <div
      class="flex overflow-y-auto bg-neutral-950 bg-opacity-90 overflow-x-hidden fixed top-0 right-0 left-0 z-50 justify-center items-center w-full md:inset-0 h-full "
      tabindex="-1"
    >
      <div
        class="w-fit"
      >
        <div
          class="flex flex-col bg-white rounded-lg border border-black py-4 px-8"
        >
          SOME BODY TEXT
          <div
            class="py-2"
          />
          <div
            class="flex flex-row"
          >
            <button
              class="outline-hidden bg-red-600 hover:bg-red-700 focus-visible:bg-red-700 active:bg-red-800 font-display text-white rounded-md border border-black transition-colors duration-100 py-2 px-4"
              type="button"
            >
              SOME AFFIRMATIVE TEXT
            </button>
            <div
              class="px-1"
            />
            <button
              class="outline-hidden hover:bg-yellow-200 focus-visible:bg-yellow-200 active:bg-yellow-300 font-display border border-black rounded-md transition-colors duration-100 py-2 px-4"
              type="button"
            >
              SOME CANCEL TEXT
            </button>
          </div>
        </div>
      </div>
    </div>
  </div>,
  "debug": [Function],
  "findAllByAltText": [Function],
  "findAllByDisplayValue": [Function],
  "findAllByLabelText": [Function],
  "findAllByPlaceholderText": [Function],
  "findAllByRole": [Function],
  "findAllByTestId": [Function],
  "findAllByText": [Function],
  "findAllByTitle": [Function],
  "findByAltText": [Function],
  "findByDisplayValue": [Function],
  "findByLabelText": [Function],
  "findByPlaceholderText": [Function],
  "findByRole": [Function],
  "findByTestId": [Function],
  "findByText": [Function],
  "findByTitle": [Function],
  "getAllByAltText": [Function],
  "getAllByDisplayValue": [Function],
  "getAllByLabelText": [Function],
  "getAllByPlaceholderText": [Function],
  "getAllByRole": [Function],
  "getAllByTestId": [Function],
  "getAllByText": [Function],
  "getAllByTitle": [Function],
  "getByAltText": [Function],
  "getByDisplayValue": [Function],
  "getByLabelText": [Function],
  "getByPlaceholderText": [Function],
  "getByRole": [Function],
  "getByTestId": [Function],
  "getByText": [Function],
  "getByTitle": [Function],
  "queryAllByAltText": [Function],
  "queryAllByDisplayValue": [Function],
  "queryAllByLabelText": [Function],
  "queryAllByPlaceholderText": [Function],
  "queryAllByRole": [Function],
  "queryAllByTestId": [Function],
  "queryAllByText": [Function],
  "queryAllByTitle": [Function],
  "queryByAltText": [Function],
  "queryByDisplayValue": [Function],
  "queryByLabelText": [Function],
  "queryByPlaceholderText": [Function],
  "queryByRole": [Function],
  "queryByTestId": [Function],
  "queryByText": [Function],
  "queryByTitle": [Function],
  "rerender": [Function],
  "unmount": [Function],
}
`;

exports[`Alert Dialog Modal renders correctly in opened state 1`] = `
{
  "asFragment": [Function],
  "baseElement": <body>
    <div>
      <div
        class="flex overflow-y-auto bg-neutral-950 bg-opacity-90 overflow-x-hidden fixed top-0 right-0 left-0 z-50 justify-center items-center w-full md:inset-0 h-full "
        tabindex="-1"
      >
        <div
          class="w-fit"
        >
          <div
            class="flex flex-col bg-white rounded-lg border border-black py-4 px-8"
          >
            SOME BODY TEXT
            <div
              class="py-2"
            />
            <div
              class="flex flex-row"
            >
              <button
                class="outline-hidden bg-red-600 hover:bg-red-700 focus-visible:bg-red-700 active:bg-red-800 font-display text-white rounded-md border border-black transition-colors duration-100 py-2 px-4"
                type="button"
              >
                SOME AFFIRMATIVE TEXT
              </button>
              <div
                class="px-1"
              />
              <button
                class="outline-hidden hover:bg-yellow-200 focus-visible:bg-yellow-200 active:bg-yellow-300 font-display border border-black rounded-md transition-colors duration-100 py-2 px-4"
                type="button"
              >
                SOME CANCEL TEXT
              </button>
            </div>
          </div>
        </div>
      </div>
    </div>
  </body>,
  "container": <div>
    <div
      class="flex overflow-y-auto bg-neutral-950 bg-opacity-90 overflow-x-hidden fixed top-0 right-0 left-0 z-50 justify-center items-center w-full md:inset-0 h-full "
      tabindex="-1"
    >
      <div
        class="w-fit"
      >
        <div
          class="flex flex-col bg-white rounded-lg border border-black py-4 px-8"
        >
          SOME BODY TEXT
          <div
            class="py-2"
          />
          <div
            class="flex flex-row"
          >
            <button
              class="outline-hidden bg-red-600 hover:bg-red-700 focus-visible:bg-red-700 active:bg-red-800 font-display text-white rounded-md border border-black transition-colors duration-100 py-2 px-4"
              type="button"
            >
              SOME AFFIRMATIVE TEXT
            </button>
            <div
              class="px-1"
            />
            <button
              class="outline-hidden hover:bg-yellow-200 focus-visible:bg-yellow-200 active:bg-yellow-300 font-display border border-black rounded-md transition-colors duration-100 py-2 px-4"
              type="button"
            >
              SOME CANCEL TEXT
            </button>
          </div>
        </div>
      </div>
    </div>
  </div>,
  "debug": [Function],
  "findAllByAltText": [Function],
  "findAllByDisplayValue": [Function],
  "findAllByLabelText": [Function],
  "findAllByPlaceholderText": [Function],
  "findAllByRole": [Function],
  "findAllByTestId": [Function],
  "findAllByText": [Function],
  "findAllByTitle": [Function],
  "findByAltText": [Function],
  "findByDisplayValue": [Function],
  "findByLabelText": [Function],
  "findByPlaceholderText": [Function],
  "findByRole": [Function],
  "findByTestId": [Function],
  "findByText": [Function],
  "findByTitle": [Function],
  "getAllByAltText": [Function],
  "getAllByDisplayValue": [Function],
  "getAllByLabelText": [Function],
  "getAllByPlaceholderText": [Function],
  "getAllByRole": [Function],
  "getAllByTestId": [Function],
  "getAllByText": [Function],
  "getAllByTitle": [Function],
  "getByAltText": [Function],
  "getByDisplayValue": [Function],
  "getByLabelText": [Function],
  "getByPlaceholderText": [Function],
  "getByRole": [Function],
  "getByTestId": [Function],
  "getByText": [Function],
  "getByTitle": [Function],
  "queryAllByAltText": [Function],
  "queryAllByDisplayValue": [Function],
  "queryAllByLabelText": [Function],
  "queryAllByPlaceholderText": [Function],
  "queryAllByRole": [Function],
  "queryAllByTestId": [Function],
  "queryAllByText": [Function],
  "queryAllByTitle": [Function],
  "queryByAltText": [Function],
  "queryByDisplayValue": [Function],
  "queryByLabelText": [Function],
  "queryByPlaceholderText": [Function],
  "queryByRole": [Function],
  "queryByTestId": [Function],
  "queryByText": [Function],
  "queryByTitle": [Function],
  "rerender": [Function],
  "unmount": [Function],
}
`;
