// Jest Snapshot v1, https://goo.gl/fbAQLP

exports[`FilterPill renders correctly 1`] = `
{
  "asFragment": [Function],
  "baseElement": <body>
    <div>
      <div
        class="group relative select-none"
      >
        <p
          class="px-2 py-1 max-w-72 whitespace-nowrap text-ellipsis overflow-hidden text-white bg-neutral-950 font-display text-sm border border-black rounded-full outline-none transition ease-in-out transition-colors duration-100"
        >
          TITLE
        </p>
        <span
          class="pointer-events-none z-50 max-w-xl absolute font-sans text-xs text-white rounded-md p-4 bg-neutral-800 left-0 -top-2 transform translate-y-full w-max opacity-0 transition-opacity group-hover:opacity-100"
        >
          TITLE
        </span>
      </div>
    </div>
  </body>,
  "container": <div>
    <div
      class="group relative select-none"
    >
      <p
        class="px-2 py-1 max-w-72 whitespace-nowrap text-ellipsis overflow-hidden text-white bg-neutral-950 font-display text-sm border border-black rounded-full outline-none transition ease-in-out transition-colors duration-100"
      >
        TITLE
      </p>
      <span
        class="pointer-events-none z-50 max-w-xl absolute font-sans text-xs text-white rounded-md p-4 bg-neutral-800 left-0 -top-2 transform translate-y-full w-max opacity-0 transition-opacity group-hover:opacity-100"
      >
        TITLE
      </span>
    </div>
  </div>,
  "debug": [Function],
  "findAllByAltText": [Function],
  "findAllByDisplayValue": [Function],
  "findAllByLabelText": [Function],
  "findAllByPlaceholderText": [Function],
  "findAllByRole": [Function],
  "findAllByTestId": [Function],
  "findAllByText": [Function],
  "findAllByTitle": [Function],
  "findByAltText": [Function],
  "findByDisplayValue": [Function],
  "findByLabelText": [Function],
  "findByPlaceholderText": [Function],
  "findByRole": [Function],
  "findByTestId": [Function],
  "findByText": [Function],
  "findByTitle": [Function],
  "getAllByAltText": [Function],
  "getAllByDisplayValue": [Function],
  "getAllByLabelText": [Function],
  "getAllByPlaceholderText": [Function],
  "getAllByRole": [Function],
  "getAllByTestId": [Function],
  "getAllByText": [Function],
  "getAllByTitle": [Function],
  "getByAltText": [Function],
  "getByDisplayValue": [Function],
  "getByLabelText": [Function],
  "getByPlaceholderText": [Function],
  "getByRole": [Function],
  "getByTestId": [Function],
  "getByText": [Function],
  "getByTitle": [Function],
  "queryAllByAltText": [Function],
  "queryAllByDisplayValue": [Function],
  "queryAllByLabelText": [Function],
  "queryAllByPlaceholderText": [Function],
  "queryAllByRole": [Function],
  "queryAllByTestId": [Function],
  "queryAllByText": [Function],
  "queryAllByTitle": [Function],
  "queryByAltText": [Function],
  "queryByDisplayValue": [Function],
  "queryByLabelText": [Function],
  "queryByPlaceholderText": [Function],
  "queryByRole": [Function],
  "queryByTestId": [Function],
  "queryByText": [Function],
  "queryByTitle": [Function],
  "rerender": [Function],
  "unmount": [Function],
}
`;
