// Jest Snapshot v1, https://goo.gl/fbAQLP

exports[`Paginator renders correctly when prev and next buttons are disabled 1`] = `
{
  "asFragment": [Function],
  "baseElement": <body>
    <div>
      <div
        class="flex flex-row items-center justify-self-center"
      >
        <button
          class="m-4 outline-none flex justify-center hover:bg-yellow-200 active:bg-yellow-300 focus-visible:bg-yellow-200 border border-black disabled:border-gray-400 rounded-md font-display disabled:text-gray-400 transition-colors duration-100 py-2 px-4"
          disabled=""
        >
          Previous
        </button>
        <p
          class="font-display"
        >
          TITLE
        </p>
        <button
          class="m-4 outline-none flex justify-center hover:bg-yellow-200 active:bg-yellow-300 focus-visible:bg-yellow-200 border border-black disabled:border-gray-400 rounded-md font-display disabled:text-gray-400 transition-colors duration-100 py-2 px-4"
          disabled=""
        >
          Next
        </button>
      </div>
    </div>
  </body>,
  "container": <div>
    <div
      class="flex flex-row items-center justify-self-center"
    >
      <button
        class="m-4 outline-none flex justify-center hover:bg-yellow-200 active:bg-yellow-300 focus-visible:bg-yellow-200 border border-black disabled:border-gray-400 rounded-md font-display disabled:text-gray-400 transition-colors duration-100 py-2 px-4"
        disabled=""
      >
        Previous
      </button>
      <p
        class="font-display"
      >
        TITLE
      </p>
      <button
        class="m-4 outline-none flex justify-center hover:bg-yellow-200 active:bg-yellow-300 focus-visible:bg-yellow-200 border border-black disabled:border-gray-400 rounded-md font-display disabled:text-gray-400 transition-colors duration-100 py-2 px-4"
        disabled=""
      >
        Next
      </button>
    </div>
  </div>,
  "debug": [Function],
  "findAllByAltText": [Function],
  "findAllByDisplayValue": [Function],
  "findAllByLabelText": [Function],
  "findAllByPlaceholderText": [Function],
  "findAllByRole": [Function],
  "findAllByTestId": [Function],
  "findAllByText": [Function],
  "findAllByTitle": [Function],
  "findByAltText": [Function],
  "findByDisplayValue": [Function],
  "findByLabelText": [Function],
  "findByPlaceholderText": [Function],
  "findByRole": [Function],
  "findByTestId": [Function],
  "findByText": [Function],
  "findByTitle": [Function],
  "getAllByAltText": [Function],
  "getAllByDisplayValue": [Function],
  "getAllByLabelText": [Function],
  "getAllByPlaceholderText": [Function],
  "getAllByRole": [Function],
  "getAllByTestId": [Function],
  "getAllByText": [Function],
  "getAllByTitle": [Function],
  "getByAltText": [Function],
  "getByDisplayValue": [Function],
  "getByLabelText": [Function],
  "getByPlaceholderText": [Function],
  "getByRole": [Function],
  "getByTestId": [Function],
  "getByText": [Function],
  "getByTitle": [Function],
  "queryAllByAltText": [Function],
  "queryAllByDisplayValue": [Function],
  "queryAllByLabelText": [Function],
  "queryAllByPlaceholderText": [Function],
  "queryAllByRole": [Function],
  "queryAllByTestId": [Function],
  "queryAllByText": [Function],
  "queryAllByTitle": [Function],
  "queryByAltText": [Function],
  "queryByDisplayValue": [Function],
  "queryByLabelText": [Function],
  "queryByPlaceholderText": [Function],
  "queryByRole": [Function],
  "queryByTestId": [Function],
  "queryByText": [Function],
  "queryByTitle": [Function],
  "rerender": [Function],
  "unmount": [Function],
}
`;

exports[`Paginator renders correctly when prev and next buttons are enabled 1`] = `
{
  "asFragment": [Function],
  "baseElement": <body>
    <div>
      <div
        class="flex flex-row items-center justify-self-center"
      >
        <button
          class="m-4 outline-none flex justify-center hover:bg-yellow-200 active:bg-yellow-300 focus-visible:bg-yellow-200 border border-black disabled:border-gray-400 rounded-md font-display disabled:text-gray-400 transition-colors duration-100 py-2 px-4"
        >
          Previous
        </button>
        <p
          class="font-display"
        >
          TITLE
        </p>
        <button
          class="m-4 outline-none flex justify-center hover:bg-yellow-200 active:bg-yellow-300 focus-visible:bg-yellow-200 border border-black disabled:border-gray-400 rounded-md font-display disabled:text-gray-400 transition-colors duration-100 py-2 px-4"
        >
          Next
        </button>
      </div>
    </div>
  </body>,
  "container": <div>
    <div
      class="flex flex-row items-center justify-self-center"
    >
      <button
        class="m-4 outline-none flex justify-center hover:bg-yellow-200 active:bg-yellow-300 focus-visible:bg-yellow-200 border border-black disabled:border-gray-400 rounded-md font-display disabled:text-gray-400 transition-colors duration-100 py-2 px-4"
      >
        Previous
      </button>
      <p
        class="font-display"
      >
        TITLE
      </p>
      <button
        class="m-4 outline-none flex justify-center hover:bg-yellow-200 active:bg-yellow-300 focus-visible:bg-yellow-200 border border-black disabled:border-gray-400 rounded-md font-display disabled:text-gray-400 transition-colors duration-100 py-2 px-4"
      >
        Next
      </button>
    </div>
  </div>,
  "debug": [Function],
  "findAllByAltText": [Function],
  "findAllByDisplayValue": [Function],
  "findAllByLabelText": [Function],
  "findAllByPlaceholderText": [Function],
  "findAllByRole": [Function],
  "findAllByTestId": [Function],
  "findAllByText": [Function],
  "findAllByTitle": [Function],
  "findByAltText": [Function],
  "findByDisplayValue": [Function],
  "findByLabelText": [Function],
  "findByPlaceholderText": [Function],
  "findByRole": [Function],
  "findByTestId": [Function],
  "findByText": [Function],
  "findByTitle": [Function],
  "getAllByAltText": [Function],
  "getAllByDisplayValue": [Function],
  "getAllByLabelText": [Function],
  "getAllByPlaceholderText": [Function],
  "getAllByRole": [Function],
  "getAllByTestId": [Function],
  "getAllByText": [Function],
  "getAllByTitle": [Function],
  "getByAltText": [Function],
  "getByDisplayValue": [Function],
  "getByLabelText": [Function],
  "getByPlaceholderText": [Function],
  "getByRole": [Function],
  "getByTestId": [Function],
  "getByText": [Function],
  "getByTitle": [Function],
  "queryAllByAltText": [Function],
  "queryAllByDisplayValue": [Function],
  "queryAllByLabelText": [Function],
  "queryAllByPlaceholderText": [Function],
  "queryAllByRole": [Function],
  "queryAllByTestId": [Function],
  "queryAllByText": [Function],
  "queryAllByTitle": [Function],
  "queryByAltText": [Function],
  "queryByDisplayValue": [Function],
  "queryByLabelText": [Function],
  "queryByPlaceholderText": [Function],
  "queryByRole": [Function],
  "queryByTestId": [Function],
  "queryByText": [Function],
  "queryByTitle": [Function],
  "rerender": [Function],
  "unmount": [Function],
}
`;

exports[`Paginator renders correctly when prev button is disabled and next button is enabled 1`] = `
{
  "asFragment": [Function],
  "baseElement": <body>
    <div>
      <div
        class="flex flex-row items-center justify-self-center"
      >
        <button
          class="m-4 outline-none flex justify-center hover:bg-yellow-200 active:bg-yellow-300 focus-visible:bg-yellow-200 border border-black disabled:border-gray-400 rounded-md font-display disabled:text-gray-400 transition-colors duration-100 py-2 px-4"
          disabled=""
        >
          Previous
        </button>
        <p
          class="font-display"
        >
          TITLE
        </p>
        <button
          class="m-4 outline-none flex justify-center hover:bg-yellow-200 active:bg-yellow-300 focus-visible:bg-yellow-200 border border-black disabled:border-gray-400 rounded-md font-display disabled:text-gray-400 transition-colors duration-100 py-2 px-4"
        >
          Next
        </button>
      </div>
    </div>
  </body>,
  "container": <div>
    <div
      class="flex flex-row items-center justify-self-center"
    >
      <button
        class="m-4 outline-none flex justify-center hover:bg-yellow-200 active:bg-yellow-300 focus-visible:bg-yellow-200 border border-black disabled:border-gray-400 rounded-md font-display disabled:text-gray-400 transition-colors duration-100 py-2 px-4"
        disabled=""
      >
        Previous
      </button>
      <p
        class="font-display"
      >
        TITLE
      </p>
      <button
        class="m-4 outline-none flex justify-center hover:bg-yellow-200 active:bg-yellow-300 focus-visible:bg-yellow-200 border border-black disabled:border-gray-400 rounded-md font-display disabled:text-gray-400 transition-colors duration-100 py-2 px-4"
      >
        Next
      </button>
    </div>
  </div>,
  "debug": [Function],
  "findAllByAltText": [Function],
  "findAllByDisplayValue": [Function],
  "findAllByLabelText": [Function],
  "findAllByPlaceholderText": [Function],
  "findAllByRole": [Function],
  "findAllByTestId": [Function],
  "findAllByText": [Function],
  "findAllByTitle": [Function],
  "findByAltText": [Function],
  "findByDisplayValue": [Function],
  "findByLabelText": [Function],
  "findByPlaceholderText": [Function],
  "findByRole": [Function],
  "findByTestId": [Function],
  "findByText": [Function],
  "findByTitle": [Function],
  "getAllByAltText": [Function],
  "getAllByDisplayValue": [Function],
  "getAllByLabelText": [Function],
  "getAllByPlaceholderText": [Function],
  "getAllByRole": [Function],
  "getAllByTestId": [Function],
  "getAllByText": [Function],
  "getAllByTitle": [Function],
  "getByAltText": [Function],
  "getByDisplayValue": [Function],
  "getByLabelText": [Function],
  "getByPlaceholderText": [Function],
  "getByRole": [Function],
  "getByTestId": [Function],
  "getByText": [Function],
  "getByTitle": [Function],
  "queryAllByAltText": [Function],
  "queryAllByDisplayValue": [Function],
  "queryAllByLabelText": [Function],
  "queryAllByPlaceholderText": [Function],
  "queryAllByRole": [Function],
  "queryAllByTestId": [Function],
  "queryAllByText": [Function],
  "queryAllByTitle": [Function],
  "queryByAltText": [Function],
  "queryByDisplayValue": [Function],
  "queryByLabelText": [Function],
  "queryByPlaceholderText": [Function],
  "queryByRole": [Function],
  "queryByTestId": [Function],
  "queryByText": [Function],
  "queryByTitle": [Function],
  "rerender": [Function],
  "unmount": [Function],
}
`;

exports[`Paginator renders correctly when prev button is enabled and next button is disabled 1`] = `
{
  "asFragment": [Function],
  "baseElement": <body>
    <div>
      <div
        class="flex flex-row items-center justify-self-center"
      >
        <button
          class="m-4 outline-none flex justify-center hover:bg-yellow-200 active:bg-yellow-300 focus-visible:bg-yellow-200 border border-black disabled:border-gray-400 rounded-md font-display disabled:text-gray-400 transition-colors duration-100 py-2 px-4"
        >
          Previous
        </button>
        <p
          class="font-display"
        >
          TITLE
        </p>
        <button
          class="m-4 outline-none flex justify-center hover:bg-yellow-200 active:bg-yellow-300 focus-visible:bg-yellow-200 border border-black disabled:border-gray-400 rounded-md font-display disabled:text-gray-400 transition-colors duration-100 py-2 px-4"
          disabled=""
        >
          Next
        </button>
      </div>
    </div>
  </body>,
  "container": <div>
    <div
      class="flex flex-row items-center justify-self-center"
    >
      <button
        class="m-4 outline-none flex justify-center hover:bg-yellow-200 active:bg-yellow-300 focus-visible:bg-yellow-200 border border-black disabled:border-gray-400 rounded-md font-display disabled:text-gray-400 transition-colors duration-100 py-2 px-4"
      >
        Previous
      </button>
      <p
        class="font-display"
      >
        TITLE
      </p>
      <button
        class="m-4 outline-none flex justify-center hover:bg-yellow-200 active:bg-yellow-300 focus-visible:bg-yellow-200 border border-black disabled:border-gray-400 rounded-md font-display disabled:text-gray-400 transition-colors duration-100 py-2 px-4"
        disabled=""
      >
        Next
      </button>
    </div>
  </div>,
  "debug": [Function],
  "findAllByAltText": [Function],
  "findAllByDisplayValue": [Function],
  "findAllByLabelText": [Function],
  "findAllByPlaceholderText": [Function],
  "findAllByRole": [Function],
  "findAllByTestId": [Function],
  "findAllByText": [Function],
  "findAllByTitle": [Function],
  "findByAltText": [Function],
  "findByDisplayValue": [Function],
  "findByLabelText": [Function],
  "findByPlaceholderText": [Function],
  "findByRole": [Function],
  "findByTestId": [Function],
  "findByText": [Function],
  "findByTitle": [Function],
  "getAllByAltText": [Function],
  "getAllByDisplayValue": [Function],
  "getAllByLabelText": [Function],
  "getAllByPlaceholderText": [Function],
  "getAllByRole": [Function],
  "getAllByTestId": [Function],
  "getAllByText": [Function],
  "getAllByTitle": [Function],
  "getByAltText": [Function],
  "getByDisplayValue": [Function],
  "getByLabelText": [Function],
  "getByPlaceholderText": [Function],
  "getByRole": [Function],
  "getByTestId": [Function],
  "getByText": [Function],
  "getByTitle": [Function],
  "queryAllByAltText": [Function],
  "queryAllByDisplayValue": [Function],
  "queryAllByLabelText": [Function],
  "queryAllByPlaceholderText": [Function],
  "queryAllByRole": [Function],
  "queryAllByTestId": [Function],
  "queryAllByText": [Function],
  "queryAllByTitle": [Function],
  "queryByAltText": [Function],
  "queryByDisplayValue": [Function],
  "queryByLabelText": [Function],
  "queryByPlaceholderText": [Function],
  "queryByRole": [Function],
  "queryByTestId": [Function],
  "queryByText": [Function],
  "queryByTitle": [Function],
  "rerender": [Function],
  "unmount": [Function],
}
`;
